// Jest Snapshot v1, https://goo.gl/fbAQLP

exports[`Match snapshot 1`] = `
<h1
  className="lead"
>
  text
</h1>
`;
