// Jest Snapshot v1, https://goo.gl/fbAQLP

exports[`Match snapshot 1`] = `
<div
  className="container"
>
  <div
    className="tile"
  >
    <div
      className="content"
    >
      <img
        alt="Tile graphic"
        src="image"
      />
      <h1>
        <button
          className="lead lightHover"
          onClick={[MockFunction]}
        >
          title
        </button>
      </h1>
      Foo
    </div>
  </div>
</div>
`;
